<html>
<body>
<pre>
<h1>µVision Build Log</h1>
<h2>Project:</h2>
E:\ARM\lm3s8962projects\zlgGUI_LM3S8962\Project\Keil\zlgGUI.uvproj
Project File Date:  04/30/2013

<h2>Output:</h2>
Build target 'zlgGUI'
compiling main.c...
compiling lcmdrv.c...
..\..\Source\HAL\Oled\Src\lcmdrv.c(69): warning:  #223-D: function "LCM_DispFill" declared implicitly
..\..\Source\HAL\Oled\Src\lcmdrv.c(122): warning:  #223-D: function "LCM_WriteByte" declared implicitly
compiling rit128x96x4.c...
assembling startup_rvmdk.S...
compiling ConvertColor.c...
compiling FONT5_7.c...
compiling FONT8_8.c...
compiling FONT24_32.c...
compiling GUI_BASIC.c...
..\..\Source\ZLG_GUI\GUI_BASIC.c(1345): warning:  #111-D: statement is unreachable
compiling GUI_StockC.c...
compiling loadbit.c...
..\..\Source\ZLG_GUI\loadbit.c(23): warning: C3017W: bit_dat may be used before being set
compiling menu.c...
compiling spline.c...
compiling windows.c...
linking...
Program Size: Code=4378 RO-data=806 RW-data=20 ZI-data=7268  
FromELF: creating hex file...
"..\..\Output\zlgGUI.axf" - 0 Error(s), 4 Warning(s).
