<html>
<body>
<pre>
<h1>µVision Build Log</h1>
<h2>Project:</h2>
E:\ARM\lm3s8962projects\zlgGUI\Project\Keil\zlgGUI.uvproj
Project File Date:  04/22/2013

<h2>Output:</h2>
Build target 'zlgGUI'
compiling main.c...
..\..\Source\App\config.h(50): error:  #5: cannot open source input file "hw_ints.h": No such file or directory
compiling lcmdrv.c...
..\..\Source\HAL\Oled\Src\lcmdrv.c(29): error:  #5: cannot open source input file "config.h": No such file or directory
compiling rit128x96x4.c...
..\..\Source\HAL\Oled\Src\rit128x96x4.c(35): error:  #5: cannot open source input file "hw_ssi.h": No such file or directory
assembling startup_rvmdk.S...
compiling ConvertColor.c...
..\..\Source\ZLG_GUI\ConvertColor.c(8): error:  #5: cannot open source input file "config.h": No such file or directory
compiling font5_7.c...
..\..\Source\ZLG_GUI\font5_7.c(8): error:  #5: cannot open source input file "config.h": No such file or directory
compiling FONT8_8.C...
..\..\Source\ZLG_GUI\FONT8_8.C(8): error:  #5: cannot open source input file "config.h": No such file or directory
compiling FONT24_32.C...
..\..\Source\ZLG_GUI\FONT24_32.C(8): error:  #5: cannot open source input file "config.h": No such file or directory
compiling GUI_BASIC.C...
..\..\Source\ZLG_GUI\GUI_BASIC.C(8): error:  #5: cannot open source input file "config.h": No such file or directory
compiling GUI_StockC.C...
..\..\Source\ZLG_GUI\GUI_StockC.C(8): error:  #5: cannot open source input file "config.h": No such file or directory
compiling loadbit.c...
..\..\Source\ZLG_GUI\loadbit.c(8): error:  #5: cannot open source input file "config.h": No such file or directory
compiling menu.c...
..\..\Source\ZLG_GUI\menu.c(8): error:  #5: cannot open source input file "config.h": No such file or directory
compiling spline.c...
..\..\Source\ZLG_GUI\spline.c(7): error:  #5: cannot open source input file "config.h": No such file or directory
compiling windows.c...
..\..\Source\ZLG_GUI\windows.c(8): error:  #5: cannot open source input file "config.h": No such file or directory
Target not created
Build target 'zlgGUI'
compiling main.c...
compiling lcmdrv.c...
..\..\Source\HAL\Oled\Src\lcmdrv.c(29): error:  #5: cannot open source input file "config.h": No such file or directory
compiling rit128x96x4.c...
assembling startup_rvmdk.S...
compiling ConvertColor.c...
..\..\Source\ZLG_GUI\ConvertColor.c(8): error:  #5: cannot open source input file "config.h": No such file or directory
compiling font5_7.c...
..\..\Source\ZLG_GUI\font5_7.c(8): error:  #5: cannot open source input file "config.h": No such file or directory
compiling FONT8_8.C...
..\..\Source\ZLG_GUI\FONT8_8.C(8): error:  #5: cannot open source input file "config.h": No such file or directory
compiling FONT24_32.C...
..\..\Source\ZLG_GUI\FONT24_32.C(8): error:  #5: cannot open source input file "config.h": No such file or directory
compiling GUI_BASIC.C...
..\..\Source\ZLG_GUI\GUI_BASIC.C(8): error:  #5: cannot open source input file "config.h": No such file or directory
compiling GUI_StockC.C...
..\..\Source\ZLG_GUI\GUI_StockC.C(8): error:  #5: cannot open source input file "config.h": No such file or directory
compiling loadbit.c...
..\..\Source\ZLG_GUI\loadbit.c(8): error:  #5: cannot open source input file "config.h": No such file or directory
compiling menu.c...
..\..\Source\ZLG_GUI\menu.c(8): error:  #5: cannot open source input file "config.h": No such file or directory
compiling spline.c...
..\..\Source\ZLG_GUI\spline.c(7): error:  #5: cannot open source input file "config.h": No such file or directory
compiling windows.c...
..\..\Source\ZLG_GUI\windows.c(8): error:  #5: cannot open source input file "config.h": No such file or directory
Target not created
Build target 'zlgGUI'
compiling main.c...
compiling lcmdrv.c...
..\..\Source\HAL\Oled\Src\lcmdrv.c(67): warning:  #223-D: function "LCM_DispFill" declared implicitly
..\..\Source\HAL\Oled\Src\lcmdrv.c(118): warning:  #223-D: function "LCM_WriteByte" declared implicitly
compiling rit128x96x4.c...
assembling startup_rvmdk.S...
compiling ConvertColor.c...
compiling font5_7.c...
compiling FONT8_8.C...
compiling FONT24_32.C...
compiling GUI_BASIC.C...
..\..\Source\ZLG_GUI\GUI_BASIC.C(1202): warning:  #111-D: statement is unreachable
compiling GUI_StockC.C...
compiling loadbit.c...
..\..\Source\ZLG_GUI\loadbit.c(22): warning: C3017W: bit_dat may be used before being set
compiling menu.c...
compiling spline.c...
compiling windows.c...
linking...
Program Size: Code=4378 RO-data=806 RW-data=20 ZI-data=7268  
FromELF: creating hex file...
"..\..\Output\zlgGUI.axf" - 0 Error(s), 4 Warning(s).
Load "..\\..\\Output\\zlgGUI.AXF" 
Connecting: Mode=JTAG, Speed=1000000Hz
Erase Done.
Programming Done.
Verify OK.
